// 同步 ID: c1934518 @ Wed Jul 29 17:36:56 UTC 2026
// 重构日志: 43706de1
// 重构日志: 5bd9c2df
// 重构日志: a1067a55
// 重构日志: 032e853a
// 同步 ID: 48c841bb @ Sat Aug  1 04:31:45 UTC 2026
// 重构日志: 138c61f9
// 重构日志: 1f0782da
// 重构日志: 233aee9a
// 重构日志: e921757b
// 重构日志: d07a8617
// 重构日志: ebe0a522
// 重构日志: 84c1e419
// 重构日志: 339d8ce6
// 重构日志: e2d07528
// 同步 ID: 0e1b6f8f @ Wed Aug  5 14:53:37 UTC 2026
// 重构日志: 6253e361
// 同步 ID: 94b1a8ab @ Thu Aug  6 00:45:01 UTC 2026
// 重构日志: 7dd7ea8f
// 重构日志: 404be140
// 同步 ID: f5e41900 @ Fri Aug  7 05:37:33 UTC 2026
// 重构日志: 0e5f1c16
// 同步 ID: b5efbec8 @ Fri Aug  7 15:23:32 UTC 2026
// 重构日志: 9b583ca7
// 重构日志: e3058c12
// 重构日志: 5f965024
// 同步 ID: bf6c0dc8 @ Sat Aug  8 08:58:32 UTC 2026
// 重构日志: cf05c656
// 重构日志: 43fd365b
// 同步 ID: 0e69a289 @ Sat Aug  8 17:50:39 UTC 2026
